<?xml version="1.0" encoding="utf-8"?><testsuites><testsuite name="pytest" errors="0" failures="0" skipped="2" tests="35" time="3.986" timestamp="2021-08-01T20:05:29.243919" hostname="debian"><testcase classname="tests.test_googletrans" name="test_googletrans[Hello-French-ENGLISH-Salut]" time="0.001"><skipped type="pytest.skip" message="unconditional skip">/home/latty/Prog/__SIDE_PROJECTS__/pydbsrt/tests/test_googletrans.py:5: unconditional skip</skipped></testcase><testcase classname="tests.test_googletrans" name="test_googletrans[Good Morning-French-ENGLISH-Bonjour]" time="0.000"><skipped type="pytest.skip" message="unconditional skip">/home/latty/Prog/__SIDE_PROJECTS__/pydbsrt/tests/test_googletrans.py:5: unconditional skip</skipped></testcase><testcase classname="tests.applications.test_cli_export_imghash_from_media" name="test_cli_export_imghash_from_white_frames" time="0.075" /><testcase classname="tests.applications.test_cli_export_imghash_from_media" name="test_cli_export_imghash_from_black_frames" time="0.052" /><testcase classname="tests.applications.test_cli_export_imghash_from_subtitles_and_media" name="test_export_imghash_from_subtitles_and_media" time="0.389" /><testcase classname="tests.applications.test_cli_extract_subtitles_from_medias" name="test_extract_subtitles_from_medias" time="0.117" /><testcase classname="tests.applications.test_cli_import_imghash_into_db" name="test_cli_import_imghash_into_db" time="0.160" /><testcase classname="tests.applications.test_cli_recognize_media" name="test_cli_recognize_media" time="0.143" /><testcase classname="tests.services.test_db_frames" name="test_import_binary_img_hash_to_db_async" time="0.057" /><testcase classname="tests.services.test_db_frames" name="test_agen_p_hash_from_media_in_db" time="0.053" /><testcase classname="tests.services.test_export_imghash_from_media" name="test_export_imghash_from_media" time="0.793" /><testcase classname="tests.services.test_extended_subtitles" name="test_export_extended_subtitles" time="0.398" /><testcase classname="tests.services.test_extended_subtitles" name="test_read_extended_subtitles" time="0.431" /><testcase classname="tests.services.test_matching" name="test_search_phash_stream" time="0.089" /><testcase classname="tests.services.test_search_in_db" name="test_search_media_in_db" time="0.522" /><testcase classname="tests.services.test_search_in_db" name="test_build_search_media_results" time="0.086" /><testcase classname="tests.tools.test_aio_filehash" name="test_aio_hashfile[16384-131072-0-00000000000000000000000000000000]" time="0.005" /><testcase classname="tests.tools.test_aio_filehash" name="test_aio_hashfile[16384-131072-1-01659e2ec0f3c75bf39e43a41adb5d4f]" time="0.006" /><testcase classname="tests.tools.test_aio_filehash" name="test_aio_hashfile[16384-131072-127-7f47671cc79d4374404b807249f3166e]" time="0.005" /><testcase classname="tests.tools.test_aio_filehash" name="test_aio_hashfile[16384-131072-128-800183e5dbea2e5199ef7c8ea963a463]" time="0.003" /><testcase classname="tests.tools.test_aio_filehash" name="test_aio_hashfile[16384-131072-4095-ff1f770d90d3773949d89880efa17e60]" time="0.003" /><testcase classname="tests.tools.test_aio_filehash" name="test_aio_hashfile[16384-131072-4096-802048c26d66de432dbfc71afca6705d]" time="0.003" /><testcase classname="tests.tools.test_aio_filehash" name="test_aio_hashfile[16384-131072-131072-8080085a3d3af2cb4b3a957811cdf370]" time="0.008" /><testcase classname="tests.tools.test_aio_filehash" name="test_aio_hashfile[16384-131073-131072-808008282d3f3b53e1fd132cc51fcc1d]" time="0.007" /><testcase classname="tests.tools.test_aio_filehash" name="test_aio_hashfile[16384-131072-500000-a0c21e44a0ba3bddee802a9d1c5332ca]" time="0.022" /><testcase classname="tests.tools.test_aio_filehash" name="test_aio_hashfile[50-131072-300000-e0a712edd8815c606344aed13c44adcf]" time="0.014" /><testcase classname="tests.tools.test_imghash" name="test_imghash_to_bytes" time="0.001" /><testcase classname="tests.tools.test_imghash" name="test_imghash_to_64bits" time="0.001" /><testcase classname="tests.tools.test_imghash" name="test_bytes_to_signed_int64" time="0.001" /><testcase classname="tests.tools.test_imghash" name="test_imghash_to_signed_int64" time="0.001" /><testcase classname="tests.tools.test_imghash" name="test_signed_int64_to_str_binary[int64_imghash-str_imghash]" time="0.001" /><testcase classname="tests.tools.test_imghash" name="test_signed_int64_to_str_binary[0-0000000000000000000000000000000000000000000000000000000000000000]" time="0.001" /><testcase classname="tests.tools.test_imghash" name="test_imghash_distance" time="0.001" /><testcase classname="tests.tools.test_imghash" name="test_imghash_count_nonzero" time="0.001" /><testcase classname="tests.tools.test_imghash" name="test_imghash_str_hex_to_str_binary" time="0.004" /></testsuite></testsuites>